2026-03-07 09:30:27,879 - INFO - Загружено 50 уникальных городов.
2026-03-07 09:30:27,880 - INFO - Компьютер: Москва (норм: москва)
2026-03-07 09:30:29,749 - INFO - Игра прервана по Ctrl+C
2026-03-07 09:31:45,022 - INFO - Загружено 50 уникальных городов.
2026-03-07 09:31:45,022 - INFO - Компьютер: Волгоград (норм: волгоград)
2026-03-07 09:31:49,554 - INFO - Игра прервана по Ctrl+C
2026-03-07 09:31:49,926 - INFO - Загружено 50 уникальных городов.
2026-03-07 09:31:49,926 - INFO - Компьютер: Улан-Удэ (норм: уланудэ)
2026-03-07 09:31:53,738 - INFO - Игра прервана по Ctrl+C
2026-03-07 09:31:54,097 - INFO - Загружено 50 уникальных городов.
2026-03-07 09:31:54,097 - INFO - Компьютер: Оренбург (норм: оренбург)
2026-03-07 09:32:11,718 - INFO - Игра прервана по Ctrl+C
2026-03-07 09:32:13,050 - INFO - Загружено 50 уникальных городов.
2026-03-07 09:32:13,050 - INFO - Компьютер: Нижний Новгород (норм: нижнийновгород)
2026-03-07 09:32:15,167 - INFO - Игра прервана по Ctrl+C
2026-03-07 09:32:16,131 - INFO - Загружено 50 уникальных городов.
2026-03-07 09:32:16,131 - INFO - Компьютер: Самара (норм: самара)
2026-03-07 09:32:23,189 - INFO - Игрок: Астрахань (норм: астрахань)
2026-03-07 09:32:23,190 - INFO - Компьютер: Набережные Челны (норм: набережныечелны)
2026-03-07 09:32:50,792 - INFO - Игра прервана по Ctrl+C
2026-03-07 09:35:12,290 - INFO - Загружено 50 уникальных городов.
2026-03-07 09:35:12,291 - INFO - Компьютер: Пермь (норм: пермь)
2026-03-07 09:35:37,339 - INFO - Игрок ввёл несуществующий город: магниторск
2026-03-07 09:36:10,824 - INFO - Игрок: Магнитогорск (норм: магнитогорск)
2026-03-07 09:36:10,825 - INFO - Компьютер: Киров (норм: киров)
2026-03-07 09:36:28,690 - INFO - Игрок: Воронеж (норм: воронеж)
2026-03-07 09:36:28,690 - INFO - Компьютер проиграл. Игрок победил.
2026-03-15 13:43:05,330 - INFO - Загружено 50 уникальных городов.
2026-03-15 13:43:05,330 - INFO - Компьютер: Уфа (норм: уфа)
2026-03-15 13:43:16,309 - INFO - Игрок ввёл несуществующий город: Архангельск
2026-03-15 13:43:20,696 - INFO - Игра прервана по Ctrl+C
2026-03-22 15:15:17,868 - INFO - Загружено 50 уникальных городов.
2026-03-22 15:15:17,869 - INFO - Компьютер: Сочи (норм: сочи)
2026-03-22 15:15:22,712 - INFO - Игра прервана по Ctrl+C
2026-03-22 15:18:31,681 - INFO - Загружено 50 уникальных городов.
2026-03-22 15:18:31,682 - INFO - Компьютер: Сочи (норм: сочи)
2026-03-22 15:18:33,801 - INFO - Игра прервана по Ctrl+C
2026-03-22 15:18:54,189 - INFO - Загружено 50 уникальных городов.
2026-03-22 15:18:54,189 - INFO - Компьютер: Владимир (норм: владимир)
2026-03-22 15:19:09,880 - INFO - Игрок: Рязань (норм: рязань) (время: 15.69 сек)
2026-03-22 15:19:09,881 - INFO - Компьютер: Нижний Новгород (норм: нижнийновгород)
2026-03-22 15:19:19,497 - INFO - Игра прервана по Ctrl+C
2026-03-28 09:10:20,375 - INFO - Загружено 50 уникальных городов.
2026-03-28 09:10:20,375 - INFO - Компьютер: Сургут (норм: сургут)
2026-03-28 09:10:39,405 - INFO - Игрок: Тольятти (норм: тольятти) (время: 19.03 сек, очки: 4)
2026-03-28 09:10:39,405 - INFO - Компьютер: Иркутск (норм: иркутск)
2026-03-28 09:10:58,279 - INFO - Игрок сдался.
2026-03-28 09:10:58,279 - INFO - Итог: ходов=1, очков=4
2026-04-23 17:34:16,527 - INFO - Загружено 50 уникальных городов.
2026-04-23 17:34:16,528 - INFO - Компьютер: Тула (норм: тула)
2026-04-23 17:34:18,995 - INFO - Игра прервана по Ctrl+C
2026-04-23 18:08:50,948 - INFO - Загружено 50 уникальных городов.
2026-04-23 18:08:58,588 - INFO - Компьютер: Воронеж (норм: воронеж)
2026-04-23 18:09:02,696 - INFO - Игра прервана по Ctrl+C
2026-04-24 11:48:50,902 - INFO - Загружено 50 уникальных городов.
2026-04-24 11:54:19,487 - INFO - Загружено 300 уникальных городов.
2026-04-24 11:54:23,672 - INFO - Загружено 300 уникальных городов.
2026-04-24 11:54:27,279 - INFO - Компьютер: Канберра (норм: канберра)
2026-04-24 11:54:35,104 - INFO - Игра прервана по Ctrl+C
2026-04-24 12:09:04,074 - INFO - Загружено 1669 уникальных городов.
