2026-03-07 09:30:27,879 - INFO - Загружено 50 уникальных городов.
2026-03-07 09:30:27,880 - INFO - Компьютер: Москва (норм: москва)
2026-03-07 09:30:29,749 - INFO - Игра прервана по Ctrl+C
2026-03-07 09:31:45,022 - INFO - Загружено 50 уникальных городов.
2026-03-07 09:31:45,022 - INFO - Компьютер: Волгоград (норм: волгоград)
2026-03-07 09:31:49,554 - INFO - Игра прервана по Ctrl+C
2026-03-07 09:31:49,926 - INFO - Загружено 50 уникальных городов.
2026-03-07 09:31:49,926 - INFO - Компьютер: Улан-Удэ (норм: уланудэ)
2026-03-07 09:31:53,738 - INFO - Игра прервана по Ctrl+C
2026-03-07 09:31:54,097 - INFO - Загружено 50 уникальных городов.
2026-03-07 09:31:54,097 - INFO - Компьютер: Оренбург (норм: оренбург)
2026-03-07 09:32:11,718 - INFO - Игра прервана по Ctrl+C
2026-03-07 09:32:13,050 - INFO - Загружено 50 уникальных городов.
2026-03-07 09:32:13,050 - INFO - Компьютер: Нижний Новгород (норм: нижнийновгород)
2026-03-07 09:32:15,167 - INFO - Игра прервана по Ctrl+C
2026-03-07 09:32:16,131 - INFO - Загружено 50 уникальных городов.
2026-03-07 09:32:16,131 - INFO - Компьютер: Самара (норм: самара)
2026-03-07 09:32:23,189 - INFO - Игрок: Астрахань (норм: астрахань)
2026-03-07 09:32:23,190 - INFO - Компьютер: Набережные Челны (норм: набережныечелны)
2026-03-07 09:32:50,792 - INFO - Игра прервана по Ctrl+C
2026-03-07 09:35:12,290 - INFO - Загружено 50 уникальных городов.
2026-03-07 09:35:12,291 - INFO - Компьютер: Пермь (норм: пермь)
2026-03-07 09:35:37,339 - INFO - Игрок ввёл несуществующий город: магниторск
2026-03-07 09:36:10,824 - INFO - Игрок: Магнитогорск (норм: магнитогорск)
2026-03-07 09:36:10,825 - INFO - Компьютер: Киров (норм: киров)
2026-03-07 09:36:28,690 - INFO - Игрок: Воронеж (норм: воронеж)
2026-03-07 09:36:28,690 - INFO - Компьютер проиграл. Игрок победил.
